../Core/Src/main.c:77:1:__io_putchar	16	static
../Core/Src/main.c:82:6:pid_config	8	static
../Core/Src/main.c:103:5:main	8	static
../Core/Src/main.c:183:6:SystemClock_Config	88	static
../Core/Src/main.c:224:13:MX_TIM1_Init	56	static
../Core/Src/main.c:274:13:MX_TIM2_Init	64	static
../Core/Src/main.c:341:13:MX_TIM3_Init	56	static
../Core/Src/main.c:390:13:MX_TIM4_Init	56	static
../Core/Src/main.c:439:13:MX_USART2_UART_Init	8	static
../Core/Src/main.c:472:13:MX_GPIO_Init	40	static
../Core/Src/main.c:515:6:Error_Handler	4	static,ignoring_inline_asm
